<html>
<body>
<pre>
<h1>µVision Build Log</h1>
<h2>Tool Versions:</h2>
IDE-Version: µVision V5.14.0.0
Copyright (C) 2015 ARM Ltd and ARM Germany GmbH. All rights reserved.
License Information: 11 Microsoft, Microsoft, LIC=KRMHL-0X0RC-SYLVA-1363R-YPS1U-JIZ4X
 
Tool Versions:
Toolchain:       MDK-ARM Standard  Version: 5.14.0.0
Toolchain Path:  D:\MDK5\ARM\ARMCC\Bin
C Compiler:      Armcc.exe V5.05 update 1 (build 106)
Assembler:       Armasm.exe V5.05 update 1 (build 106)
Linker/Locator:  ArmLink.exe V5.05 update 1 (build 106)
Library Manager: ArmAr.exe V5.05 update 1 (build 106)
Hex Converter:   FromElf.exe V5.05 update 1 (build 106)
CPU DLL:         SARMCM3.DLL V5.14.0.0
Dialog DLL:      DCM.DLL V1.13.1.0
Target DLL:      Segger\JL2CM3.dll V2.99.13.0
Dialog DLL:      TCM.DLL V1.14.4.0
 
<h2>Project:</h2>
E:\INF\INF_Code\I_UWB_LPS-SDK\I_UWB_LPS-SDK_20180128\pro\i_uwb_dt-sdk.uvprojx
Project File Date:  11/04/2017

<h2>Output:</h2>
Build target 'i_uwb_dt-sdk'
compiling main.c...
linking...
Program Size: Code=4824 RO-data=424 RW-data=100 ZI-data=1420  
FromELF: creating hex file...
".\Objects\i_uwb_dt-sdk.axf" - 0 Error(s), 0 Warning(s).

<h2>Collection of Component include folders:</h2>
  E:\INF\INF_Code\I_UWB_LPS-SDK\I_UWB_LPS-SDK_20180128\pro\RTE
  D:\MDK5\ARM\PACK\Keil\STM32F4xx_DFP\2.6.0

<h2>Collection of Component Files used:</h2>
</pre>
</body>
</html>
